================================================================================
FINAL MODEL — CatBoost MAE, no data leakage, walk-forward CV
================================================================================

[1/6] Loading data...
  Train: 20,983 rows, 2022-09-22 → 2026-04-26
  Weather: 10,556 obs → 31,681 interpolated

Sanity check break-day features:
  Date          DOW   expected    actual      OK?
  2024-04-30    Tue            1           1  ✓
  2025-04-30    Wed            4           4  ✓
  2025-05-01    Thu            3           3  ✓
  2025-05-07    Wed            4           4  ✓
  2026-04-30    Thu            3           3  ✓
  2026-05-01    Fri            2           2  ✓
  2026-05-08    Fri            3           3  ✓

[2/6] Walk-forward CV (5 folds)
  Fold                       Period                             WAPE      MAE     Bias
  holiday_may2025            2025-04-27 → 2025-05-03          0.1326    14.24    -1.92
  recent_w1                  2026-04-20 → 2026-04-26          0.1049    11.96    +7.91
  recent_w2                  2026-04-13 → 2026-04-19          0.0671     7.79    +3.09
  recent_w3                  2026-04-06 → 2026-04-12          0.0954    10.93    +5.84
  recent_w4                  2026-03-30 → 2026-04-05          0.0802     9.71    +0.89

  CV mean WAPE: 0.0960
  Holiday WAPE: 0.1326
  Saved: artifacts/reports/final_cv.csv

[3/6] Final training on full data (through 2026-04-26)
  Train frame: 20,460 rows × 39 features (8 categorical)

[4/6] Forecast 2026-04-27 → 2026-05-03
  -> data\output\final.csv  (11,752 guests)

[5/6] SHAP analysis
  SHAP -> artifacts/figures/shap_final.png

[6/6] Saving residuals for analysis

================================================================================
DONE
================================================================================
  Backtest WAPE (holiday): 0.1326
  CV mean WAPE: 0.0960

  Submission: data/output/final.csv
  CV metrics: artifacts/reports/final_cv.csv
  SHAP plot:  artifacts/figures/shap_final.png
